200 https://schrott-berlin.de/
200 https://schrott-berlin.de/jobs/
200 https://schrott-berlin.de/impressum/
200 https://schrott-berlin.de/danke/
200 https://schrott-berlin.de/datenschutz/
200 https://schrott-berlin.de/schienen/
200 https://schrott-berlin.de/altmetall-ankauf-berlin/
200 https://schrott-berlin.de/altmetall-ankauf/
200 https://schrott-berlin.de/schrottplatz-falkensee/
200 https://schrott-berlin.de/peglow-schrott/
200 https://schrott-berlin.de/schrott-verkaufen/
200 https://schrott-berlin.de/schrottplatz-zehlendorf/
200 https://schrott-berlin.de/schrottplatz-wilmersdorf/
200 https://schrott-berlin.de/schrottplatz-mitte/
200 https://schrott-berlin.de/schrottplatz-friedrichshain/
200 https://schrott-berlin.de/schrottplatz-charlottenburg/
200 https://schrott-berlin.de/metall-schrott/
200 https://schrott-berlin.de/altmetall-reinickendorf/
200 https://schrott-berlin.de/kabel-schrott/
200 https://schrott-berlin.de/blei-ankauf/
200 https://schrott-berlin.de/schrottplatz-treptow/
200 https://schrott-berlin.de/schrottplatz-tempelhof/
200 https://schrott-berlin.de/schrottplatz-reinickendorf/
200 https://schrott-berlin.de/schrottplatz-berlin/
200 https://schrott-berlin.de/zink-ankauf-berlin/
200 https://schrott-berlin.de/messing-schrott/
200 https://schrott-berlin.de/kupfer-ankauf-berlin/
200 https://schrott-berlin.de/metallhandel-berlin/
200 https://schrott-berlin.de/schrottplatz-steglitz/
200 https://schrott-berlin.de/schrottplatz-spandau/
200 https://schrott-berlin.de/schrottplatz-kreuzberg/
200 https://schrott-berlin.de/schrott-reinickendorf/
200 https://schrott-berlin.de/metall-ankauf-berlin/
200 https://schrott-berlin.de/schrotthandel/
200 https://schrott-berlin.de/schrottplatz-schoeneberg/
200 https://schrott-berlin.de/schrottplatz-pankow/
200 https://schrott-berlin.de/schrottplatz-neukoelln/
200 https://schrott-berlin.de/schrottplatz-koepenick/
200 https://schrott-berlin.de/eisen-schrott/
200 https://schrott-berlin.de/altmetall-berlin/
200 https://schrott-berlin.de/kabel/
200 https://schrott-berlin.de/aluminium-guss/
200 https://schrott-berlin.de/messing-raff/
200 https://schrott-berlin.de/messing/
200 https://schrott-berlin.de/kupfer-raff/
200 https://schrott-berlin.de/kupfer/
200 https://schrott-berlin.de/zink/
200 https://schrott-berlin.de/edelstahl/
200 https://schrott-berlin.de/blei/
200 https://schrott-berlin.de/aluminium/
200 https://schrott-berlin.de/guss/
200 https://schrott-berlin.de/mischschrott/
200 https://schrott-berlin.de/bremsscheiben/
200 https://schrott-berlin.de/moniereisen/
200 https://schrott-berlin.de/brennerschrott/
200 https://schrott-berlin.de/einzugsgebiete/
200 https://schrott-berlin.de/metall-ankauf/
200 https://schrott-berlin.de/schrott-ankauf/
200 https://schrott-berlin.de/ankauf/
200 https://schrott-berlin.de/kontakt/
200 https://schrott-berlin.de/uber-uns/
200 https://schrott-berlin.de/container/
200 https://schrott-berlin.de/anfahrt/
200 https://schrott-berlin.de/schrottpreise/
